
LAB08-PC21@DESKTOP-LCAVEC8 MINGW64 ~ (master)
$ cd c:

LAB08-PC21@DESKTOP-LCAVEC8 MINGW64 /c
$ git clone https://github.com/DiegoMoran280016/examen_moran.git}
Cloning into 'examen_moran.git}'...
remote: Repository not found.
fatal: repository 'https://github.com/DiegoMoran280016/examen_moran.git}/' not found

LAB08-PC21@DESKTOP-LCAVEC8 MINGW64 /c
$ git clone https://github.com/DiegoMoran280016/examen_moran.git
Cloning into 'examen_moran'...
remote: Enumerating objects: 3, done.
remote: Counting objects: 100% (3/3), done.
remote: Total 3 (delta 0), reused 0 (delta 0), pack-reused 0
Receiving objects: 100% (3/3), done.

LAB08-PC21@DESKTOP-LCAVEC8 MINGW64 /c
$ git branch  produccion
fatal: detected dubious ownership in repository at 'C:/'
'C:/' is owned by:
        'S-1-5-80-956008885-3418522649-1831038044-1853292631-2271478464'
but the current user is:
        'S-1-5-21-3735817261-1089456373-2501253374-1001'
To add an exception for this directory, call:

        git config --global --add safe.directory C:/

LAB08-PC21@DESKTOP-LCAVEC8 MINGW64 /c
$ git branch produccion
fatal: detected dubious ownership in repository at 'C:/'
'C:/' is owned by:
        'S-1-5-80-956008885-3418522649-1831038044-1853292631-2271478464'
but the current user is:
        'S-1-5-21-3735817261-1089456373-2501253374-1001'
To add an exception for this directory, call:

        git config --global --add safe.directory C:/

LAB08-PC21@DESKTOP-LCAVEC8 MINGW64 /c
$ git staus
git: 'staus' is not a git command. See 'git --help'.

The most similar command is
        status

LAB08-PC21@DESKTOP-LCAVEC8 MINGW64 /c
$ git status
fatal: detected dubious ownership in repository at 'C:/'
'C:/' is owned by:
        'S-1-5-80-956008885-3418522649-1831038044-1853292631-2271478464'
but the current user is:
        'S-1-5-21-3735817261-1089456373-2501253374-1001'
To add an exception for this directory, call:

        git config --global --add safe.directory C:/

LAB08-PC21@DESKTOP-LCAVEC8 MINGW64 /c
$ cd examen_moran

LAB08-PC21@DESKTOP-LCAVEC8 MINGW64 /c/examen_moran (main)
$ git branch produccion

LAB08-PC21@DESKTOP-LCAVEC8 MINGW64 /c/examen_moran (main)
$ git branch ventas

LAB08-PC21@DESKTOP-LCAVEC8 MINGW64 /c/examen_moran (main)
$ git branch recursos_humanos

LAB08-PC21@DESKTOP-LCAVEC8 MINGW64 /c/examen_moran (main)
$ git checkout produccion
Switched to branch 'produccion'

LAB08-PC21@DESKTOP-LCAVEC8 MINGW64 /c/examen_moran (produccion)
$ git mkdir materia prima.txt
git: 'mkdir' is not a git command. See 'git --help'.

LAB08-PC21@DESKTOP-LCAVEC8 MINGW64 /c/examen_moran (produccion)
$ git help
usage: git [-v | --version] [-h | --help] [-C <path>] [-c <name>=<value>]
           [--exec-path[=<path>]] [--html-path] [--man-path] [--info-path]
           [-p | --paginate | -P | --no-pager] [--no-replace-objects] [--bare]
           [--git-dir=<path>] [--work-tree=<path>] [--namespace=<name>]
           [--config-env=<name>=<envvar>] <command> [<args>]

These are common Git commands used in various situations:

start a working area (see also: git help tutorial)
   clone     Clone a repository into a new directory
   init      Create an empty Git repository or reinitialize an existing one

work on the current change (see also: git help everyday)
   add       Add file contents to the index
   mv        Move or rename a file, a directory, or a symlink
   restore   Restore working tree files
   rm        Remove files from the working tree and from the index

examine the history and state (see also: git help revisions)
   bisect    Use binary search to find the commit that introduced a bug
   diff      Show changes between commits, commit and working tree, etc
   grep      Print lines matching a pattern
   log       Show commit logs
   show      Show various types of objects
   status    Show the working tree status

grow, mark and tweak your common history
   branch    List, create, or delete branches
   commit    Record changes to the repository
   merge     Join two or more development histories together
   rebase    Reapply commits on top of another base tip
   reset     Reset current HEAD to the specified state
   switch    Switch branches
   tag       Create, list, delete or verify a tag object signed with GPG

collaborate (see also: git help workflows)
   fetch     Download objects and refs from another repository
   pull      Fetch from and integrate with another repository or a local branch
   push      Update remote refs along with associated objects

'git help -a' and 'git help -g' list available subcommands and some
concept guides. See 'git help <command>' or 'git help <concept>'
to read about a specific subcommand or concept.
See 'git help git' for an overview of the system.

LAB08-PC21@DESKTOP-LCAVEC8 MINGW64 /c/examen_moran (produccion)
$ git add materia prima.txt
fatal: pathspec 'materia' did not match any files

LAB08-PC21@DESKTOP-LCAVEC8 MINGW64 /c/examen_moran (produccion)
$ git add "materia prima.txt"
fatal: pathspec 'materia prima.txt' did not match any files

LAB08-PC21@DESKTOP-LCAVEC8 MINGW64 /c/examen_moran (produccion)
$ git status
On branch produccion
nothing to commit, working tree clean

LAB08-PC21@DESKTOP-LCAVEC8 MINGW64 /c/examen_moran (produccion)
$ git tag intex.txt

LAB08-PC21@DESKTOP-LCAVEC8 MINGW64 /c/examen_moran (produccion)
$ git staus
git: 'staus' is not a git command. See 'git --help'.

The most similar command is
        status

LAB08-PC21@DESKTOP-LCAVEC8 MINGW64 /c/examen_moran (produccion)
$ git status
On branch produccion
Untracked files:
  (use "git add <file>..." to include in what will be committed)
        materia prima.txt

nothing added to commit but untracked files present (use "git add" to track)

LAB08-PC21@DESKTOP-LCAVEC8 MINGW64 /c/examen_moran (produccion)
$ git status
On branch produccion
Untracked files:
  (use "git add <file>..." to include in what will be committed)
        imagenproducto.png
        materia prima.txt
        productofinal.txt

nothing added to commit but untracked files present (use "git add" to track)

LAB08-PC21@DESKTOP-LCAVEC8 MINGW64 /c/examen_moran (produccion)
$ git add .

LAB08-PC21@DESKTOP-LCAVEC8 MINGW64 /c/examen_moran (produccion)
$ git commit -m "Producciones"
[produccion e4c9f52] Producciones
 3 files changed, 0 insertions(+), 0 deletions(-)
 create mode 100644 imagenproducto.png
 create mode 100644 materia prima.txt
 create mode 100644 productofinal.txt

LAB08-PC21@DESKTOP-LCAVEC8 MINGW64 /c/examen_moran (produccion)
$ git push origin -u produccion
Enumerating objects: 5, done.
Counting objects: 100% (5/5), done.
Delta compression using up to 8 threads
Compressing objects: 100% (3/3), done.
Writing objects: 100% (4/4), 119.87 KiB | 29.97 MiB/s, done.
Total 4 (delta 0), reused 0 (delta 0), pack-reused 0
remote:
remote: Create a pull request for 'produccion' on GitHub by visiting:
remote:      https://github.com/DiegoMoran280016/examen_moran/pull/new/produccion
remote:
To https://github.com/DiegoMoran280016/examen_moran.git
 * [new branch]      produccion -> produccion
branch 'produccion' set up to track 'origin/produccion'.

LAB08-PC21@DESKTOP-LCAVEC8 MINGW64 /c/examen_moran (produccion)
$ git checkout ventas
Switched to branch 'ventas'

LAB08-PC21@DESKTOP-LCAVEC8 MINGW64 /c/examen_moran (ventas)
$ git add .

LAB08-PC21@DESKTOP-LCAVEC8 MINGW64 /c/examen_moran (ventas)
$ git commit -m "Ventas"
[ventas 7f49670] Ventas
 1 file changed, 3 insertions(+)
 create mode 100644 tiendas.txt

LAB08-PC21@DESKTOP-LCAVEC8 MINGW64 /c/examen_moran (ventas)
$ git push origin -u ventas
Enumerating objects: 4, done.
Counting objects: 100% (4/4), done.
Delta compression using up to 8 threads
Compressing objects: 100% (2/2), done.
Writing objects: 100% (3/3), 316 bytes | 316.00 KiB/s, done.
Total 3 (delta 0), reused 0 (delta 0), pack-reused 0
remote:
remote: Create a pull request for 'ventas' on GitHub by visiting:
remote:      https://github.com/DiegoMoran280016/examen_moran/pull/new/ventas
remote:
To https://github.com/DiegoMoran280016/examen_moran.git
 * [new branch]      ventas -> ventas
branch 'ventas' set up to track 'origin/ventas'.

LAB08-PC21@DESKTOP-LCAVEC8 MINGW64 /c/examen_moran (ventas)
$ git checkout recursos_humanos
Switched to branch 'recursos_humanos'

LAB08-PC21@DESKTOP-LCAVEC8 MINGW64 /c/examen_moran (recursos_humanos)
$ git add .

LAB08-PC21@DESKTOP-LCAVEC8 MINGW64 /c/examen_moran (recursos_humanos)
$ git commit -m "Empleados de RH"
[recursos_humanos 407022a] Empleados de RH
 1 file changed, 5 insertions(+)
 create mode 100644 empleados.txt

LAB08-PC21@DESKTOP-LCAVEC8 MINGW64 /c/examen_moran (recursos_humanos)
$ git push origin -u recursos_humanos
Enumerating objects: 4, done.
Counting objects: 100% (4/4), done.
Delta compression using up to 8 threads
Compressing objects: 100% (3/3), done.
Writing objects: 100% (3/3), 404 bytes | 404.00 KiB/s, done.
Total 3 (delta 0), reused 0 (delta 0), pack-reused 0
remote:
remote: Create a pull request for 'recursos_humanos' on GitHub by visiting:
remote:      https://github.com/DiegoMoran280016/examen_moran/pull/new/recursos_humanos
remote:
To https://github.com/DiegoMoran280016/examen_moran.git
 * [new branch]      recursos_humanos -> recursos_humanos
branch 'recursos_humanos' set up to track 'origin/recursos_humanos'.

LAB08-PC21@DESKTOP-LCAVEC8 MINGW64 /c/examen_moran (recursos_humanos)
$ git checkout main
Switched to branch 'main'
Your branch is up to date with 'origin/main'.

LAB08-PC21@DESKTOP-LCAVEC8 MINGW64 /c/examen_moran (main)
$ git merge produccion
Updating 6316204..e4c9f52
Fast-forward
 imagenproducto.png | Bin 0 -> 122355 bytes
 materia prima.txt  |   0
 productofinal.txt  |   0
 3 files changed, 0 insertions(+), 0 deletions(-)
 create mode 100644 imagenproducto.png
 create mode 100644 materia prima.txt
 create mode 100644 productofinal.txt

LAB08-PC21@DESKTOP-LCAVEC8 MINGW64 /c/examen_moran (main)
$ git add .

LAB08-PC21@DESKTOP-LCAVEC8 MINGW64 /c/examen_moran (main)
$ git commit -m "Funcion de produccion"
On branch main
Your branch is ahead of 'origin/main' by 1 commit.
  (use "git push" to publish your local commits)

nothing to commit, working tree clean

LAB08-PC21@DESKTOP-LCAVEC8 MINGW64 /c/examen_moran (main)
$ git push
Total 0 (delta 0), reused 0 (delta 0), pack-reused 0
To https://github.com/DiegoMoran280016/examen_moran.git
   6316204..e4c9f52  main -> main

LAB08-PC21@DESKTOP-LCAVEC8 MINGW64 /c/examen_moran (main)
$ git checkout recursos_humanos
Switched to branch 'recursos_humanos'
Your branch is up to date with 'origin/recursos_humanos'.

LAB08-PC21@DESKTOP-LCAVEC8 MINGW64 /c/examen_moran (recursos_humanos)
$ git status
On branch recursos_humanos
Your branch is up to date with 'origin/recursos_humanos'.

Changes not staged for commit:
  (use "git add <file>..." to update what will be committed)
  (use "git restore <file>..." to discard changes in working directory)
        modified:   empleados.txt

no changes added to commit (use "git add" and/or "git commit -a")

LAB08-PC21@DESKTOP-LCAVEC8 MINGW64 /c/examen_moran (recursos_humanos)
$ git tag version1.0 -m "version 1.1"

LAB08-PC21@DESKTOP-LCAVEC8 MINGW64 /c/examen_moran (recursos_humanos)
$ git add .

LAB08-PC21@DESKTOP-LCAVEC8 MINGW64 /c/examen_moran (recursos_humanos)
$ git commit -m "nuevos empleados"
[recursos_humanos 0a79ade] nuevos empleados
 1 file changed, 6 insertions(+), 1 deletion(-)

LAB08-PC21@DESKTOP-LCAVEC8 MINGW64 /c/examen_moran (recursos_humanos)
$ git push
Enumerating objects: 5, done.
Counting objects: 100% (5/5), done.
Delta compression using up to 8 threads
Compressing objects: 100% (3/3), done.
Writing objects: 100% (3/3), 471 bytes | 471.00 KiB/s, done.
Total 3 (delta 0), reused 0 (delta 0), pack-reused 0
To https://github.com/DiegoMoran280016/examen_moran.git
   407022a..0a79ade  recursos_humanos -> recursos_humanos

LAB08-PC21@DESKTOP-LCAVEC8 MINGW64 /c/examen_moran (recursos_humanos)
$ git checkout main
Switched to branch 'main'
Your branch is up to date with 'origin/main'.

LAB08-PC21@DESKTOP-LCAVEC8 MINGW64 /c/examen_moran (main)
$ git tag version1.0 -m "version 1"
fatal: tag 'version1.0' already exists

LAB08-PC21@DESKTOP-LCAVEC8 MINGW64 /c/examen_moran (main)
$ git tag version1 -m "version 1"

LAB08-PC21@DESKTOP-LCAVEC8 MINGW64 /c/examen_moran (main)
$ git merge recursos_humanos
hint: Waiting for your editor to close the file...       0 [sig] bash 1699! sigpacket::process: Suppressing signal 18 to win32 process (pid 10464)
Merge made by the 'ort' strategy.
 empleados.txt | 10 ++++++++++
 1 file changed, 10 insertions(+)
 create mode 100644 empleados.txt

LAB08-PC21@DESKTOP-LCAVEC8 MINGW64 /c/examen_moran (main)
$ git push
Enumerating objects: 4, done.
Counting objects: 100% (4/4), done.
Delta compression using up to 8 threads
Compressing objects: 100% (2/2), done.
Writing objects: 100% (2/2), 316 bytes | 316.00 KiB/s, done.
Total 2 (delta 1), reused 0 (delta 0), pack-reused 0
remote: Resolving deltas: 100% (1/1), completed with 1 local object.
To https://github.com/DiegoMoran280016/examen_moran.git
   e4c9f52..3a17a36  main -> main

LAB08-PC21@DESKTOP-LCAVEC8 MINGW64 /c/examen_moran (main)
$ git tag version1.0 -m "version 1.1"
fatal: tag 'version1.0' already exists

LAB08-PC21@DESKTOP-LCAVEC8 MINGW64 /c/examen_moran (main)
$ git tag version1 -m "version 1.1"
fatal: tag 'version1' already exists

LAB08-PC21@DESKTOP-LCAVEC8 MINGW64 /c/examen_moran (main)
$ git checkout recursos_Humanos
Switched to branch 'recursos_Humanos'

LAB08-PC21@DESKTOP-LCAVEC8 MINGW64 /c/examen_moran (recursos_Humanos)
$ git checkout recursos_humanos
Switched to branch 'recursos_humanos'
Your branch is up to date with 'origin/recursos_humanos'.

LAB08-PC21@DESKTOP-LCAVEC8 MINGW64 /c/examen_moran (recursos_humanos)
$ git checkout ventas
Switched to branch 'ventas'
Your branch is up to date with 'origin/ventas'.

LAB08-PC21@DESKTOP-LCAVEC8 MINGW64 /c/examen_moran (ventas)
$ git add .
warning: in the working copy of '°', LF will be replaced by CRLF the next time Git touches it

LAB08-PC21@DESKTOP-LCAVEC8 MINGW64 /c/examen_moran (ventas)
$ git commit -m "nuevas tiendas"
[ventas d95946f] nuevas tiendas
 2 files changed, 13 insertions(+), 1 deletion(-)
 create mode 100644 "\302\260"

LAB08-PC21@DESKTOP-LCAVEC8 MINGW64 /c/examen_moran (ventas)
$ git push
Enumerating objects: 6, done.
Counting objects: 100% (6/6), done.
Delta compression using up to 8 threads
Compressing objects: 100% (4/4), done.
Writing objects: 100% (4/4), 576 bytes | 576.00 KiB/s, done.
Total 4 (delta 0), reused 0 (delta 0), pack-reused 0
To https://github.com/DiegoMoran280016/examen_moran.git
   7f49670..d95946f  ventas -> ventas

LAB08-PC21@DESKTOP-LCAVEC8 MINGW64 /c/examen_moran (ventas)
$ git checkout recursos_humanos
Switched to branch 'recursos_humanos'
Your branch is up to date with 'origin/recursos_humanos'.

LAB08-PC21@DESKTOP-LCAVEC8 MINGW64 /c/examen_moran (recursos_humanos)
$ git add .

LAB08-PC21@DESKTOP-LCAVEC8 MINGW64 /c/examen_moran (recursos_humanos)
$ git commit -m "fotos de los empleados"
[recursos_humanos 2f1d368] fotos de los empleados
 5 files changed, 0 insertions(+), 0 deletions(-)
 create mode 100644 fotos_empleados/empleado 1.jpg
 create mode 100644 fotos_empleados/empleado 2.jpg
 create mode 100644 fotos_empleados/empleado 3.jpg
 create mode 100644 fotos_empleados/empleado 4.jpg
 create mode 100644 fotos_empleados/empleado 5.jpg

LAB08-PC21@DESKTOP-LCAVEC8 MINGW64 /c/examen_moran (recursos_humanos)
$ git push
Enumerating objects: 7, done.
Counting objects: 100% (7/7), done.
Delta compression using up to 8 threads
Compressing objects: 100% (6/6), done.
Writing objects: 100% (6/6), 25.60 KiB | 12.80 MiB/s, done.
Total 6 (delta 0), reused 0 (delta 0), pack-reused 0
To https://github.com/DiegoMoran280016/examen_moran.git
   0a79ade..2f1d368  recursos_humanos -> recursos_humanos

LAB08-PC21@DESKTOP-LCAVEC8 MINGW64 /c/examen_moran (recursos_humanos)
$ git status
On branch recursos_humanos
Your branch is up to date with 'origin/recursos_humanos'.

Untracked files:
  (use "git add <file>..." to include in what will be committed)
        sueldos.txt

nothing added to commit but untracked files present (use "git add" to track)

LAB08-PC21@DESKTOP-LCAVEC8 MINGW64 /c/examen_moran (recursos_humanos)
$ git add .

LAB08-PC21@DESKTOP-LCAVEC8 MINGW64 /c/examen_moran (recursos_humanos)
$ git commit -m "sueldos"
[recursos_humanos 0de5f8c] sueldos
 1 file changed, 4 insertions(+)
 create mode 100644 sueldos.txt

LAB08-PC21@DESKTOP-LCAVEC8 MINGW64 /c/examen_moran (recursos_humanos)
$ git push
Enumerating objects: 4, done.
Counting objects: 100% (4/4), done.
Delta compression using up to 8 threads
Compressing objects: 100% (3/3), done.
Writing objects: 100% (3/3), 320 bytes | 320.00 KiB/s, done.
Total 3 (delta 1), reused 0 (delta 0), pack-reused 0
remote: Resolving deltas: 100% (1/1), completed with 1 local object.
To https://github.com/DiegoMoran280016/examen_moran.git
   2f1d368..0de5f8c  recursos_humanos -> recursos_humanos

LAB08-PC21@DESKTOP-LCAVEC8 MINGW64 /c/examen_moran (recursos_humanos)
$ git checkout main
Switched to branch 'main'
Your branch is up to date with 'origin/main'.
